
Running 6 tests using 4 workers

  ✓  3 [chromium] › tests\regression.spec.ts:89:5 › Sistema Kame Regression & UI Tests › Responsiveness Check: 70/30 Split (15.6s)
  ✓  2 [chromium] › tests\regression.spec.ts:33:5 › Sistema Kame Regression & UI Tests › Layout Check: Split Panel & Horizontal Alignment (15.7s)
  ✓  4 [chromium] › tests\regression.spec.ts:5:5 › Sistema Kame Regression & UI Tests › Visual Check: Dark Mode & Tailwind (16.1s)
  ✓  5 [chromium] › tests\regression.spec.ts:107:5 › Sistema Kame Regression & UI Tests › Functional Check: Add Item & Price Formatting (1.0s)
  ✘  1 [chromium] › tests\regression.spec.ts:63:5 › Sistema Kame Regression & UI Tests › Visual Check: Dark Mode & Premium Styles (20.6s)
  ✘  6 [chromium] › tests\regression.spec.ts:127:5 › Sistema Kame Regression & UI Tests › Admin Check: Inventory Table & Alerts (5.6s)


  1) [chromium] › tests\regression.spec.ts:63:5 › Sistema Kame Regression & UI Tests › Visual Check: Dark Mode & Premium Styles 

    Error: [2mexpect([22m[31mlocator[39m[2m).[22mtoHaveCSS[2m([22m[32mexpected[39m[2m)[22m failed

    Locator: locator('aside').last().locator('> div')
    Expected pattern: [32m/monospace/[39m
    Received string:  [31m"Inter, sans-serif"[39m
    Timeout: 5000ms

    Call log:
    [2m  - Expect "toHaveCSS" with timeout 5000ms[22m
    [2m  - waiting for locator('aside').last().locator('> div')[22m
    [2m    8 × locator resolved to <div class="flex flex-col h-full bg-[#F9FAFB] text-black shadow-2xl relative font-mono border-l-4 border-gray-200">…</div>[22m
    [2m      - unexpected value "Inter, sans-serif"[22m


      84 |         const sidebarContainer = page.locator('aside').last().locator('> div');
      85 |         await expect(sidebarContainer).toHaveCSS('background-color', 'rgb(249, 250, 251)');
    > 86 |         await expect(sidebarContainer).toHaveCSS('font-family', /monospace/); // Font-mono check
         |                                        ^
      87 |     });
      88 |
      89 |     test('Responsiveness Check: 70/30 Split', async ({ page }) => {
        at C:\Users\marti\sistemakameantigravity\tests\regression.spec.ts:86:40

    Error Context: test-results\regression-Sistema-Kame-Re-5af6f-ck-Dark-Mode-Premium-Styles-chromium\error-context.md

  2) [chromium] › tests\regression.spec.ts:127:5 › Sistema Kame Regression & UI Tests › Admin Check: Inventory Table & Alerts 

    Error: [2mexpect([22m[31mlocator[39m[2m).[22mtoBeVisible[2m([22m[2m)[22m failed

    Locator: locator('table')
    Expected: visible
    Timeout: 5000ms
    Error: element(s) not found

    Call log:
    [2m  - Expect "toBeVisible" with timeout 5000ms[22m
    [2m  - waiting for locator('table')[22m


      130 |         // Check if Table exists
      131 |         const table = page.locator('table');
    > 132 |         await expect(table).toBeVisible();
          |                             ^
      133 |         await expect(page.getByText('Stock Actual')).toBeVisible();
      134 |         await expect(page.getByText('Estado')).toBeVisible();
      135 |
        at C:\Users\marti\sistemakameantigravity\tests\regression.spec.ts:132:29

    Error Context: test-results\regression-Sistema-Kame-Re-59305-heck-Inventory-Table-Alerts-chromium\error-context.md

  2 failed
    [chromium] › tests\regression.spec.ts:63:5 › Sistema Kame Regression & UI Tests › Visual Check: Dark Mode & Premium Styles 
    [chromium] › tests\regression.spec.ts:127:5 › Sistema Kame Regression & UI Tests › Admin Check: Inventory Table & Alerts 
  4 passed (27.2s)
